// Jest Snapshot v1, https://goo.gl/fbAQLP

exports[`<App /> testing matches the snapshot 1`] = `
<header>
  <h1>
    Loading...
  </h1>
</header>
`;
